// Jest Snapshot v1, https://goo.gl/fbAQLP

exports[`ExpenseListItem should render correctly 1`] = `
<div>
  <h3>
    gum
  </h3>
  <p>
    195
    c - 
    0
  </p>
  <NavLink
    activeClassName="active"
    to="edit/1"
  >
    Edit Item
  </NavLink>
</div>
`;
